env: load .env.development
env: export EXPO_PUBLIC_SUPABASE_URL EXPO_PUBLIC_SUPABASE_ANON_KEY EXPO_PUBLIC_GOOGLE_ANDROID_CLIENT_ID EXPO_PUBLIC_GOOGLE_IOS_CLIENT_ID EXPO_PUBLIC_GOOGLE_API_KEY EXPO_PUBLIC_USE_PROXY
Starting project at C:\Users\Brand\repo\BuffagoApp\crawl
Starting Metro Bundler
Waiting on http://localhost:8087
Logs for your project will appear below.
Web node_modules\expo-router\entry.js ░░░░░░░░░░░░░░░░  0.0% (0/1)
Web node_modules\expo-router\entry.js ▓▓▓▓▓▓░░░░░░░░░░ 39.6% (29/95)
Web node_modules\expo-router\entry.js ▓▓▓▓▓▓░░░░░░░░░░ 39.6% (174/391)
| [33m» [1mandroid[22m: androidStatusBar.backgroundColor: Color conflicts with the splash.backgroundColor[39m
Web node_modules\expo-router\entry.js ▓▓▓▓▓▓░░░░░░░░░░ 39.6% (502/848)
Web node_modules\expo-router\entry.js ▓▓▓▓▓▓▓▓▓▓░░░░░░ 67.6% (1024/1245)
Web node_modules\expo-router\entry.js ▓▓▓▓▓▓▓▓▓▓▓▓▓▓░░ 89.6% (1483/1567)
Web Bundling failed 18619ms node_modules\expo-router\entry.js (1672 modules)
 ERROR  Importing native-only module "react-native/Libraries/Utilities/codegenNativeCommands" on web from: node_modules\react-native-maps\lib\MapMarkerNativeComponent.js

Import stack:

 node_modules\react-native-maps\lib\MapMarkerNativeComponent.js
 | import "react-native/Libraries/Utilities/codegenNativeCommands"
           ^ Importing react-native internals is not supported on web.

 node_modules\react-native-maps\lib\MapMarker.js
 | import "./MapMarkerNativeComponent"

 node_modules\react-native-maps\lib\index.js
 | import "./MapMarker"

 app\(tabs)\ratings\index.jsx
 | import "react-native-maps"

 app (require.context)

